.F.                                                                      [100%]
=================================== FAILURES ===================================
_____ test_only_declared_runtime_additions_and_exact_upstream_composition ______

    def test_only_declared_runtime_additions_and_exact_upstream_composition():
        baseline = json.loads((ROOT / "docs/verification/maintenance-baseline.json").read_text())
        old = {name for name in baseline["sha256"] if name.endswith(".py") and name.split("/")[0] in {"clusterctl", "clusterd", "steward_tools"}}
        current = {str(path.relative_to(ROOT)) for package in ("clusterctl", "clusterd", "steward_tools") for path in (ROOT / package).rglob("*.py")}
>       assert current - old == {
            "clusterctl/matrix_fencing/__init__.py",
            "clusterctl/matrix_fencing/fences.py",
            "clusterctl/matrix_fencing/production_fences.py",
        }
E       AssertionError: assert {'clusterctl/...ransition.py'} == {'clusterctl/...on_fences.py'}
E         
E         Extra items in the left set:
E         'clusterctl/matrix_status_transition.py'
E         Use -v to get more diff

tests/test_maintenance_composition.py:26: AssertionError
=========================== short test summary info ============================
FAILED tests/test_maintenance_composition.py::test_only_declared_runtime_additions_and_exact_upstream_composition
1 failed, 2 passed in 0.06s
